// Jest Snapshot v1, https://goo.gl/fbAQLP

exports[`<Section /> renders correctly 1`] = `
<section
  id="Test"
  style={
    Object {
      "backgroundColor": "#fff",
      "color": "#333",
    }
  }
>
  <div
    className="container section"
  >
    <h2>
      Section Test
    </h2>
    <p
      className="lead"
    >
      test lead
      <br />
      Daniel Sherman
    </p>
    <hr />
    <div>
      Test text
    </div>
  </div>
</section>
`;
